analyst@7ef3ca9df3b8:~$ ls
file1.txt  file2.txt
analyst@7ef3ca9df3b8:~$ cat file1.txt\
> cat file1.txt
cat: file1.txtcat: No such file or directory
X5O!P%@AP[4\PZX54(P^)7CC)7}$EICAR-STANDARD-ANTIVIRUS-TEST-FILE!$H+H*
analyst@7ef3ca9df3b8:~$ cat file2.txt
X5O!P%@AP[4\PZX54(P^)7CC)7}$EICAR-STANDARD-ANTIVIRUS-TEST-FILE!$H+H*
9sxa5Yq20Ranalyst@7ef3ca9df3b8:~$ sha256sum file1.txt 
131f95c51cc819465fa1797f6ccacf9d494aaaff46fa3eac73ae63ffbdfd8267  file1.txt
analyst@7ef3ca9df3b8:~$ sha256sum file2.txt
2558ba9a4cad1e69804ce03aa2a029526179a91a5e38cb723320e83af9ca017b  file2.txt
analyst@7ef3ca9df3b8:~$ sha256sum file1.txt >> file1hash
analyst@7ef3ca9df3b8:~$ sha256sum file2.txt >> file2hash
analyst@7ef3ca9df3b8:~$ cat file1hash
131f95c51cc819465fa1797f6ccacf9d494aaaff46fa3eac73ae63ffbdfd8267  file1.txt
analyst@7ef3ca9df3b8:~$ 
analyst@7ef3ca9df3b8:~$ cat file2hash
2558ba9a4cad1e69804ce03aa2a029526179a91a5e38cb723320e83af9ca017b  file2.txt
analyst@7ef3ca9df3b8:~$ cmp file1hash file2hash
file1hash file2hash differ: char 1, line 1
analyst@7ef3ca9df3b8:~$ echo Alicia Nicole Brown
Alicia Nicole Brown
analyst@7ef3ca9df3b8:~$ 
